Archive member included to satisfy reference by file (symbol)

/usr/bin/../lib/gcc/arm-none-eabi/6.2.1/thumb/v6-m/libgcc.a(_udivsi3.o)
                              bin/ssp_11xx.o (__aeabi_uidiv)
/usr/bin/../lib/gcc/arm-none-eabi/6.2.1/thumb/v6-m/libgcc.a(_dvmd_tls.o)
                              /usr/bin/../lib/gcc/arm-none-eabi/6.2.1/thumb/v6-m/libgcc.a(_udivsi3.o) (__aeabi_idiv0)
/usr/bin/../lib/gcc/arm-none-eabi/6.2.1/../../../../arm-none-eabi/lib/thumb/v6-m/libg.a(lib_a-memcpy-stub.o)
                              bin/ring_buffer.o (memcpy)

Allocating common symbols
Common symbol       size              file

msTicks             0x4               bin/main.o
Rx_Buf              0x8               bin/main.o

Discarded input sections

 .data          0x0000000000000000        0x0 bin/startup_LPC11xx.o
 .bss           0x0000000000000000        0x0 bin/startup_LPC11xx.o
 .ARM.extab.isr_vector
                0x0000000000000000        0x0 bin/startup_LPC11xx.o
 .group         0x0000000000000000        0x8 bin/ssp_11xx.o
 .group         0x0000000000000000        0x8 bin/ssp_11xx.o
 .group         0x0000000000000000        0x8 bin/ssp_11xx.o
 .group         0x0000000000000000        0x8 bin/ssp_11xx.o
 .group         0x0000000000000000        0x8 bin/ssp_11xx.o
 .group         0x0000000000000000        0x8 bin/ssp_11xx.o
 .group         0x0000000000000000        0x8 bin/ssp_11xx.o
 .group         0x0000000000000000        0x8 bin/ssp_11xx.o
 .group         0x0000000000000000        0x8 bin/ssp_11xx.o
 .group         0x0000000000000000        0x8 bin/ssp_11xx.o
 .group         0x0000000000000000        0x8 bin/ssp_11xx.o
 .group         0x0000000000000000        0x8 bin/ssp_11xx.o
 .group         0x0000000000000000        0x8 bin/ssp_11xx.o
 .group         0x0000000000000000        0x8 bin/ssp_11xx.o
 .group         0x0000000000000000        0x8 bin/ssp_11xx.o
 .group         0x0000000000000000        0x8 bin/ssp_11xx.o
 .group         0x0000000000000000        0x8 bin/ssp_11xx.o
 .group         0x0000000000000000        0x8 bin/ssp_11xx.o
 .group         0x0000000000000000        0x8 bin/ssp_11xx.o
 .group         0x0000000000000000        0x8 bin/ssp_11xx.o
 .group         0x0000000000000000        0x8 bin/ssp_11xx.o
 .group         0x0000000000000000        0x8 bin/ssp_11xx.o
 .group         0x0000000000000000        0x8 bin/ssp_11xx.o
 .group         0x0000000000000000        0x8 bin/ssp_11xx.o
 .group         0x0000000000000000        0x8 bin/ssp_11xx.o
 .group         0x0000000000000000        0x8 bin/ssp_11xx.o
 .group         0x0000000000000000        0x8 bin/ssp_11xx.o
 .text          0x0000000000000000        0x0 bin/ssp_11xx.o
 .data          0x0000000000000000        0x0 bin/ssp_11xx.o
 .bss           0x0000000000000000        0x0 bin/ssp_11xx.o
 .text.Chip_SSP_SetClockRate
                0x0000000000000000       0x18 bin/ssp_11xx.o
 .text.Chip_SSP_RWFrames_Blocking
                0x0000000000000000      0x148 bin/ssp_11xx.o
 .text.Chip_SSP_WriteFrames_Blocking
                0x0000000000000000       0xc8 bin/ssp_11xx.o
 .text.Chip_SSP_ReadFrames_Blocking
                0x0000000000000000       0xe0 bin/ssp_11xx.o
 .text.Chip_SSP_Int_FlushData
                0x0000000000000000       0x24 bin/ssp_11xx.o
 .text.Chip_SSP_Int_RWFrames8Bits
                0x0000000000000000       0xb8 bin/ssp_11xx.o
 .text.Chip_SSP_Int_RWFrames16Bits
                0x0000000000000000       0xc8 bin/ssp_11xx.o
 .text.Chip_SSP_SetMaster
                0x0000000000000000       0x14 bin/ssp_11xx.o
 .text.Chip_SSP_SetBitRate
                0x0000000000000000       0x80 bin/ssp_11xx.o
 .text.Chip_SSP_Init
                0x0000000000000000       0x70 bin/ssp_11xx.o
 .text.Chip_SSP_DeInit
                0x0000000000000000       0x48 bin/ssp_11xx.o
 .debug_info    0x0000000000000000     0x1d6a bin/ssp_11xx.o
 .debug_abbrev  0x0000000000000000      0x3fc bin/ssp_11xx.o
 .debug_loc     0x0000000000000000     0x12e8 bin/ssp_11xx.o
 .debug_aranges
                0x0000000000000000       0x70 bin/ssp_11xx.o
 .debug_ranges  0x0000000000000000      0x7e8 bin/ssp_11xx.o
 .debug_macro   0x0000000000000000      0x16f bin/ssp_11xx.o
 .debug_macro   0x0000000000000000      0x880 bin/ssp_11xx.o
 .debug_macro   0x0000000000000000       0x22 bin/ssp_11xx.o
 .debug_macro   0x0000000000000000       0x87 bin/ssp_11xx.o
 .debug_macro   0x0000000000000000       0x51 bin/ssp_11xx.o
 .debug_macro   0x0000000000000000       0xef bin/ssp_11xx.o
 .debug_macro   0x0000000000000000       0x6a bin/ssp_11xx.o
 .debug_macro   0x0000000000000000      0x1df bin/ssp_11xx.o
 .debug_macro   0x0000000000000000       0x22 bin/ssp_11xx.o
 .debug_macro   0x0000000000000000       0x6d bin/ssp_11xx.o
 .debug_macro   0x0000000000000000       0x10 bin/ssp_11xx.o
 .debug_macro   0x0000000000000000       0x1f bin/ssp_11xx.o
 .debug_macro   0x0000000000000000       0x3a bin/ssp_11xx.o
 .debug_macro   0x0000000000000000      0x241 bin/ssp_11xx.o
[...]
Memory Configuration

Name             Origin             Length             Attributes
FLASH            0x0000000000000000 0x0000000000008000 xr
RAM              0x0000000010000100 0x0000000000001f00 xrw
*default*        0x0000000000000000 0xffffffffffffffff

Linker script and memory map

LOAD bin/startup_LPC11xx.o
LOAD bin/ssp_11xx.o
LOAD bin/adc_11xx.o
LOAD bin/iocon_11xx.o
LOAD bin/ring_buffer.o
LOAD bin/chip_11xx.o
LOAD bin/gpio_11xx_2.o
LOAD bin/pinint_11xx.o
LOAD bin/gpiogroup_11xx.o
LOAD bin/clock_11xx.o
LOAD bin/i2c_11xx.o
LOAD bin/wwdt_11xx.o
LOAD bin/gpio_11xx_1.o
LOAD bin/pmu_11xx.o
LOAD bin/adc_1125.o
LOAD bin/sysinit_11xx.o
LOAD bin/sysctl_11xx.o
LOAD bin/uart_11xx.o
LOAD bin/timer_11xx.o
LOAD bin/main.o
LOAD bin/sysinit.o
LOAD /usr/bin/../lib/gcc/arm-none-eabi/6.2.1/../../../../arm-none-eabi/lib/thumb/v6-m/libstdc++.a
LOAD /usr/bin/../lib/gcc/arm-none-eabi/6.2.1/../../../../arm-none-eabi/lib/thumb/v6-m/libm.a
START GROUP
LOAD /usr/bin/../lib/gcc/arm-none-eabi/6.2.1/thumb/v6-m/libgcc.a
LOAD /usr/bin/../lib/gcc/arm-none-eabi/6.2.1/../../../../arm-none-eabi/lib/thumb/v6-m/libg.a
LOAD /usr/bin/../lib/gcc/arm-none-eabi/6.2.1/../../../../arm-none-eabi/lib/thumb/v6-m/libc.a
END GROUP

.text           0x0000000000000000      0x6f0
 *(.isr_vector)
 .isr_vector    0x0000000000000000       0xe0 bin/startup_LPC11xx.o
                0x0000000000000000                __isr_vector
                0x00000000000000c0                Reset_Handler
 *(.text*)
 .text          0x00000000000000e0        0xc bin/startup_LPC11xx.o
                0x00000000000000e0                NMI_Handler
                0x00000000000000e2                HardFault_Handler
                0x00000000000000e4                SVC_Handler
                0x00000000000000e6                PendSV_Handler
                0x00000000000000ea                TIMER16_0_IRQHandler
                0x00000000000000ea                UART_IRQHandler
                0x00000000000000ea                TIMER32_0_IRQHandler
                0x00000000000000ea                TIMER32_1_IRQHandler
                0x00000000000000ea                PIOINT1_IRQHandler
                0x00000000000000ea                CAN_IRQHandler
                0x00000000000000ea                SSP0_IRQHandler
                0x00000000000000ea                TIMER16_1_IRQHandler
                0x00000000000000ea                Default_Handler
                0x00000000000000ea                ADC_IRQHandler
                0x00000000000000ea                SSP1_IRQHandler
                0x00000000000000ea                PIOINT2_IRQHandler
                0x00000000000000ea                BOD_IRQHandler
                0x00000000000000ea                WAKEUP_IRQHandler
                0x00000000000000ea                PIOINT0_IRQHandler
                0x00000000000000ea                I2C_IRQHandler
                0x00000000000000ea                WDT_IRQHandler
                0x00000000000000ea                PIOINT3_IRQHandler
 .text.SystemCoreClockUpdate
                0x00000000000000ec       0x10 bin/chip_11xx.o
                0x00000000000000ec                SystemCoreClockUpdate
 .text.Chip_GPIO_Init
                0x00000000000000fc       0x14 bin/gpio_11xx_2.o
                0x00000000000000fc                Chip_GPIO_Init
 .text.Chip_GPIO_WriteDirBit
                0x0000000000000110       0x2c bin/gpio_11xx_2.o
                0x0000000000000110                Chip_GPIO_WriteDirBit
 .text.Chip_Clock_GetMainClockRate
                0x000000000000013c       0x84 bin/clock_11xx.o
                0x000000000000013c                Chip_Clock_GetMainClockRate
 .text.Chip_Clock_GetSystemClockRate
                0x00000000000001c0       0x14 bin/clock_11xx.o
                0x00000000000001c0                Chip_Clock_GetSystemClockRate
 .text.Chip_UART_Init
                0x00000000000001d4       0x28 bin/uart_11xx.o
                0x00000000000001d4                Chip_UART_Init
 .text.Chip_UART_SetBaud
                0x00000000000001fc       0x38 bin/uart_11xx.o
                0x00000000000001fc                Chip_UART_SetBaud
 .text.SysTick_Handler
                0x0000000000000234       0x10 bin/main.o
                0x0000000000000234                SysTick_Handler
 .text.Uart_Setup
                0x0000000000000244       0x38 bin/main.o
                0x0000000000000244                Uart_Setup
 .text.GPIO_Setup
                0x000000000000027c       0x90 bin/main.o
                0x000000000000027c                GPIO_Setup
 .text.LCD_Cnvrt
                0x000000000000030c       0xa8 bin/main.o
                0x000000000000030c                LCD_Cnvrt
 .text.LCD_Special_Cmd
                0x00000000000003b4       0x68 bin/main.o
                0x00000000000003b4                LCD_Special_Cmd
 .text.Init_LCD
                0x000000000000041c       0xcc bin/main.o
                0x000000000000041c                Init_LCD
 .text.startup.main
                0x00000000000004e8       0x68 bin/main.o
                0x00000000000004e8                main
 .text.SystemInit
                0x0000000000000550       0x44 bin/sysinit.o
                0x0000000000000550                SystemInit
 .text          0x0000000000000594      0x114 /usr/bin/../lib/gcc/arm-none-eabi/6.2.1/thumb/v6-m/libgcc.a(_udivsi3.o)
                0x0000000000000594                __udivsi3
                0x0000000000000594                __aeabi_uidiv
                0x00000000000006a0                __aeabi_uidivmod
 .text          0x00000000000006a8        0x4 /usr/bin/../lib/gcc/arm-none-eabi/6.2.1/thumb/v6-m/libgcc.a(_dvmd_tls.o)
                0x00000000000006a8                __aeabi_ldiv0
                0x00000000000006a8                __aeabi_idiv0
 *(.init)
 *(.fini)
 *crtbegin.o(.ctors)
 *crtbegin?.o(.ctors)
 *(EXCLUDE_FILE(*crtend.o *crtend?.o) .ctors)
 *(SORT(.ctors.*))
 *(.ctors)
 *crtbegin.o(.dtors)
 *crtbegin?.o(.dtors)
 *(EXCLUDE_FILE(*crtend.o *crtend?.o) .dtors)
 *(SORT(.dtors.*))
 *(.dtors)
 *(.rodata*)
 .rodata.wdtOSCRate
                0x00000000000006ac       0x40 bin/clock_11xx.o
 .rodata.OscRateIn
                0x00000000000006ec        0x4 bin/main.o
                0x00000000000006ec                OscRateIn
 *(.eh_frame*)

.glue_7         0x00000000000006f0        0x0
 .glue_7        0x00000000000006f0        0x0 linker stubs

.glue_7t        0x00000000000006f0        0x0
 .glue_7t       0x00000000000006f0        0x0 linker stubs

.vfp11_veneer   0x00000000000006f0        0x0
 .vfp11_veneer  0x00000000000006f0        0x0 linker stubs

.v4_bx          0x00000000000006f0        0x0
 .v4_bx         0x00000000000006f0        0x0 linker stubs

.iplt           0x00000000000006f0        0x0
 .iplt          0x00000000000006f0        0x0 bin/startup_LPC11xx.o

.ARM.extab
 *(.ARM.extab* .gnu.linkonce.armextab.*)
                0x00000000000006f0                __exidx_start = .

.ARM.exidx      0x00000000000006f0        0x8
 *(.ARM.exidx* .gnu.linkonce.armexidx.*)
 .ARM.exidx.isr_vector
                0x00000000000006f0        0x8 bin/startup_LPC11xx.o
                0x00000000000006f8                __exidx_end = .
                0x00000000000006f8                __etext = .

.rel.dyn        0x00000000000006f8        0x0
 .rel.iplt      0x00000000000006f8        0x0 bin/startup_LPC11xx.o

.data           0x0000000010000100        0x4 load address 0x00000000000006f8
                0x0000000010000100                __data_start__ = .
 *(vtable)
 *(.data*)
 .data.SystemCoreClock
                0x0000000010000100        0x4 bin/sysinit.o
                0x0000000010000100                SystemCoreClock
                0x0000000010000104                . = ALIGN (0x4)
                [!provide]                        PROVIDE (__preinit_array_start, .)
 *(.preinit_array)
                [!provide]                        PROVIDE (__preinit_array_end, .)
                0x0000000010000104                . = ALIGN (0x4)
                [!provide]                        PROVIDE (__init_array_start, .)
 *(SORT(.init_array.*))
 *(.init_array)
                [!provide]                        PROVIDE (__init_array_end, .)
                0x0000000010000104                . = ALIGN (0x4)
                [!provide]                        PROVIDE (__fini_array_start, .)
 *(SORT(.fini_array.*))
 *(.fini_array)
                [!provide]                        PROVIDE (__fini_array_end, .)
 *(.jcr*)
                0x0000000010000104                . = ALIGN (0x4)
                0x0000000010000104                __data_end__ = .

.igot.plt       0x0000000010000104        0x0 load address 0x00000000000006fc
 .igot.plt      0x0000000010000104        0x0 bin/startup_LPC11xx.o

.bss            0x0000000010000104        0xc load address 0x00000000000006fc
                0x0000000010000104                . = ALIGN (0x4)
                0x0000000010000104                __bss_start__ = .
 *(.bss*)
 *(COMMON)
 COMMON         0x0000000010000104        0xc bin/main.o
                0x0000000010000104                msTicks
                0x0000000010000108                Rx_Buf
                0x0000000010000110                . = ALIGN (0x4)
                0x0000000010000110                __bss_end__ = .

.heap           0x0000000010000110        0x0
                0x0000000010000110                __end__ = .
                [!provide]                        PROVIDE (end, .)
 *(.heap*)
                0x0000000010000110                __HeapLimit = .

.stack_dummy    0x0000000010000110      0x200
 *(.stack*)
 .stack         0x0000000010000110      0x200 bin/startup_LPC11xx.o
                0x0000000010002000                __StackTop = (ORIGIN (RAM) + LENGTH (RAM))
                0x0000000010001e00                __StackLimit = (__StackTop - SIZEOF (.stack_dummy))
                [!provide]                        PROVIDE (__stack, __StackTop)
                0x0000000000000001                ASSERT ((__StackLimit >= __HeapLimit), region RAM overflowed with stack)
OUTPUT(bin/uart.elf elf32-littlearm)

.ARM.attributes
                0x0000000000000000       0x2d
 .ARM.attributes
                0x0000000000000000       0x21 bin/startup_LPC11xx.o
 .ARM.attributes
                0x0000000000000021       0x31 bin/chip_11xx.o
 .ARM.attributes
                0x0000000000000052       0x31 bin/gpio_11xx_2.o
 .ARM.attributes
                0x0000000000000083       0x31 bin/clock_11xx.o
 .ARM.attributes
                0x00000000000000b4       0x31 bin/uart_11xx.o
 .ARM.attributes
                0x00000000000000e5       0x31 bin/main.o
 .ARM.attributes
                0x0000000000000116       0x31 bin/sysinit.o
 .ARM.attributes
                0x0000000000000147       0x1e /usr/bin/../lib/gcc/arm-none-eabi/6.2.1/thumb/v6-m/libgcc.a(_udivsi3.o)
 .ARM.attributes
                0x0000000000000165       0x1e /usr/bin/../lib/gcc/arm-none-eabi/6.2.1/thumb/v6-m/libgcc.a(_dvmd_tls.o)

.comment        0x0000000000000000       0x6e
 .comment       0x0000000000000000       0x6e bin/chip_11xx.o
                                         0x6f (size before relaxing)
 .comment       0x000000000000006e       0x6f bin/gpio_11xx_2.o
 .comment       0x000000000000006e       0x6f bin/clock_11xx.o
 .comment       0x000000000000006e       0x6f bin/uart_11xx.o
 .comment       0x000000000000006e       0x6f bin/main.o
 .comment       0x000000000000006e       0x6f bin/sysinit.o

.debug_line     0x0000000000000000     0x1b6e
 .debug_line    0x0000000000000000       0x94 bin/startup_LPC11xx.o
 .debug_line    0x0000000000000094      0x300 bin/chip_11xx.o
 .debug_line    0x0000000000000394      0x437 bin/gpio_11xx_2.o
 .debug_line    0x00000000000007cb      0x435 bin/clock_11xx.o
 .debug_line    0x0000000000000c00      0x60e bin/uart_11xx.o
 .debug_line    0x000000000000120e      0x674 bin/main.o
 .debug_line    0x0000000000001882      0x2ec bin/sysinit.o

.debug_info     0x0000000000000000     0x5d9d
 .debug_info    0x0000000000000000       0x91 bin/startup_LPC11xx.o
 .debug_info    0x0000000000000091       0xfa bin/chip_11xx.o
 .debug_info    0x000000000000018b      0xc81 bin/gpio_11xx_2.o
 .debug_info    0x0000000000000e0c      0x9d0 bin/clock_11xx.o
 .debug_info    0x00000000000017dc     0x1384 bin/uart_11xx.o
 .debug_info    0x0000000000002b60     0x2d23 bin/main.o
 .debug_info    0x0000000000005883      0x51a bin/sysinit.o

.debug_abbrev   0x0000000000000000      0xe21
 .debug_abbrev  0x0000000000000000       0x12 bin/startup_LPC11xx.o
 .debug_abbrev  0x0000000000000012       0xa6 bin/chip_11xx.o
 .debug_abbrev  0x00000000000000b8      0x21f bin/gpio_11xx_2.o
 .debug_abbrev  0x00000000000002d7      0x2b0 bin/clock_11xx.o
 .debug_abbrev  0x0000000000000587      0x38c bin/uart_11xx.o
 .debug_abbrev  0x0000000000000913      0x442 bin/main.o
 .debug_abbrev  0x0000000000000d55       0xcc bin/sysinit.o

.debug_aranges  0x0000000000000000      0x210
 .debug_aranges
                0x0000000000000000       0x28 bin/startup_LPC11xx.o
 .debug_aranges
                0x0000000000000028       0x20 bin/chip_11xx.o
 .debug_aranges
                0x0000000000000048       0x50 bin/gpio_11xx_2.o
 .debug_aranges
                0x0000000000000098       0x68 bin/clock_11xx.o
 .debug_aranges
                0x0000000000000100       0x80 bin/uart_11xx.o
 .debug_aranges
                0x0000000000000180       0x70 bin/main.o
 .debug_aranges
                0x00000000000001f0       0x20 bin/sysinit.o

.debug_ranges   0x0000000000000000      0x820
 .debug_ranges  0x0000000000000000       0x20 bin/startup_LPC11xx.o
 .debug_ranges  0x0000000000000020       0x10 bin/chip_11xx.o
 .debug_ranges  0x0000000000000030       0xe8 bin/gpio_11xx_2.o
 .debug_ranges  0x0000000000000118       0xc0 bin/clock_11xx.o
 .debug_ranges  0x00000000000001d8      0x240 bin/uart_11xx.o
 .debug_ranges  0x0000000000000418      0x3f8 bin/main.o
 .debug_ranges  0x0000000000000810       0x10 bin/sysinit.o

.debug_macro    0x0000000000000000      0xa8a
 .debug_macro   0x0000000000000000      0x16f bin/chip_11xx.o
 .debug_macro   0x000000000000016f      0x16f bin/gpio_11xx_2.o
 .debug_macro   0x00000000000002de      0x16f bin/clock_11xx.o
 .debug_macro   0x000000000000044d      0x16f bin/uart_11xx.o
 .debug_macro   0x00000000000005bc      0x257 bin/main.o
 .debug_macro   0x0000000000000813       0x52 bin/main.o
 .debug_macro   0x0000000000000865      0x225 bin/sysinit.o

.debug_str      0x0000000000000000     0xbb0d
 .debug_str     0x0000000000000000     0x7431 bin/chip_11xx.o
                                       0x75fe (size before relaxing)
 .debug_str     0x0000000000007431      0x6e5 bin/gpio_11xx_2.o
                                       0x7c9c (size before relaxing)
 .debug_str     0x0000000000007b16      0x55e bin/clock_11xx.o
                                       0x7db4 (size before relaxing)
 .debug_str     0x0000000000008074      0x398 bin/uart_11xx.o
                                       0x7dd8 (size before relaxing)
 .debug_str     0x000000000000840c     0x342c bin/main.o
                                       0xabb2 (size before relaxing)
 .debug_str     0x000000000000b838      0x2d5 bin/sysinit.o
                                       0x7b0d (size before relaxing)

.debug_frame    0x0000000000000000      0x4f4
 .debug_frame   0x0000000000000000       0x2c bin/chip_11xx.o
 .debug_frame   0x000000000000002c       0xa4 bin/gpio_11xx_2.o
 .debug_frame   0x00000000000000d0       0xd8 bin/clock_11xx.o
 .debug_frame   0x00000000000001a8      0x1c8 bin/uart_11xx.o
 .debug_frame   0x0000000000000370      0x138 bin/main.o
 .debug_frame   0x00000000000004a8       0x2c bin/sysinit.o
 .debug_frame   0x00000000000004d4       0x20 /usr/bin/../lib/gcc/arm-none-eabi/6.2.1/thumb/v6-m/libgcc.a(_udivsi3.o)

.debug_loc      0x0000000000000000     0x27cd
 .debug_loc     0x0000000000000000      0x4ad bin/gpio_11xx_2.o
 .debug_loc     0x00000000000004ad       0xea bin/clock_11xx.o
 .debug_loc     0x0000000000000597      0xaf7 bin/uart_11xx.o
 .debug_loc     0x000000000000108e     0x173f bin/main.o

Cross Reference Table

Symbol                                            File
ADC_IRQHandler                                    bin/startup_LPC11xx.o
BOD_IRQHandler                                    bin/startup_LPC11xx.o
CAN_IRQHandler                                    bin/startup_LPC11xx.o
Chip_ADC_DeInit                                   bin/adc_11xx.o
Chip_ADC_EnableChannel                            bin/adc_11xx.o
Chip_ADC_Init                                     bin/adc_11xx.o
Chip_ADC_Int_SetChannelCmd                        bin/adc_11xx.o
Chip_ADC_ReadByte                                 bin/adc_11xx.o
Chip_ADC_ReadStatus                               bin/adc_11xx.o
Chip_ADC_ReadValue                                bin/adc_11xx.o
Chip_ADC_SetBurstCmd                              bin/adc_11xx.o
Chip_ADC_SetResolution                            bin/adc_11xx.o
Chip_ADC_SetSampleRate                            bin/adc_11xx.o
Chip_ADC_SetStartMode                             bin/adc_11xx.o
Chip_Clock_GetMainClockRate                       bin/clock_11xx.o
                                                  bin/uart_11xx.o
                                                  bin/ssp_11xx.o
Chip_Clock_GetSystemClockRate                     bin/clock_11xx.o
                                                  bin/chip_11xx.o
                                                  bin/adc_11xx.o
Chip_Clock_GetSystemPLLInClockRate                bin/clock_11xx.o
Chip_Clock_GetSystemPLLOutClockRate               bin/clock_11xx.o
Chip_Clock_GetWDTOSCRate                          bin/clock_11xx.o
Chip_Clock_SetCLKOUTSource                        bin/clock_11xx.o
Chip_Clock_SetMainClockSource                     bin/clock_11xx.o
                                                  bin/sysinit_11xx.o
Chip_Clock_SetPLLBypass                           bin/clock_11xx.o
Chip_Clock_SetSystemPLLSource                     bin/clock_11xx.o
                                                  bin/sysinit_11xx.o
Chip_Clock_SetWDTClockSource                      bin/clock_11xx.o
Chip_GPIO_DeInit                                  bin/gpio_11xx_2.o
Chip_GPIO_Init                                    bin/gpio_11xx_2.o
                                                  bin/main.o
Chip_GPIO_SetDir                                  bin/gpio_11xx_2.o
Chip_GPIO_SetPinDIR                               bin/gpio_11xx_2.o
Chip_GPIO_SetPortDIR                              bin/gpio_11xx_2.o
Chip_GPIO_SetupPinInt                             bin/gpio_11xx_2.o
Chip_GPIO_WriteDirBit                             bin/gpio_11xx_2.o
                                                  bin/main.o
Chip_I2C_DeInit                                   bin/i2c_11xx.o
Chip_I2C_Disable                                  bin/i2c_11xx.o
Chip_I2C_EventHandler                             bin/i2c_11xx.o
Chip_I2C_EventHandlerPolling                      bin/i2c_11xx.o
Chip_I2C_GetClockRate                             bin/i2c_11xx.o
Chip_I2C_GetMasterEventHandler                    bin/i2c_11xx.o
Chip_I2C_Init                                     bin/i2c_11xx.o
Chip_I2C_IsMasterActive                           bin/i2c_11xx.o
Chip_I2C_IsStateChanged                           bin/i2c_11xx.o
Chip_I2C_MasterCmdRead                            bin/i2c_11xx.o
Chip_I2C_MasterRead                               bin/i2c_11xx.o
Chip_I2C_MasterSend                               bin/i2c_11xx.o
Chip_I2C_MasterStateHandler                       bin/i2c_11xx.o
Chip_I2C_MasterTransfer                           bin/i2c_11xx.o
Chip_I2C_SetClockRate                             bin/i2c_11xx.o
Chip_I2C_SetMasterEventHandler                    bin/i2c_11xx.o
Chip_I2C_SlaveSetup                               bin/i2c_11xx.o
Chip_I2C_SlaveStateHandler                        bin/i2c_11xx.o
Chip_PMU_DeepPowerDownState                       bin/pmu_11xx.o
Chip_PMU_Sleep                                    bin/pmu_11xx.o
Chip_PMU_SleepState                               bin/pmu_11xx.o
Chip_SSP_DeInit                                   bin/ssp_11xx.o
Chip_SSP_Init                                     bin/ssp_11xx.o
Chip_SSP_Int_FlushData                            bin/ssp_11xx.o
Chip_SSP_Int_RWFrames16Bits                       bin/ssp_11xx.o
Chip_SSP_Int_RWFrames8Bits                        bin/ssp_11xx.o
Chip_SSP_RWFrames_Blocking                        bin/ssp_11xx.o
Chip_SSP_ReadFrames_Blocking                      bin/ssp_11xx.o
Chip_SSP_SetBitRate                               bin/ssp_11xx.o
Chip_SSP_SetClockRate                             bin/ssp_11xx.o
Chip_SSP_SetMaster                                bin/ssp_11xx.o
Chip_SSP_WriteFrames_Blocking                     bin/ssp_11xx.o
Chip_SYSCTL_PowerDown                             bin/sysctl_11xx.o
                                                  bin/sysinit_11xx.o
                                                  bin/adc_11xx.o
Chip_SYSCTL_PowerUp                               bin/sysctl_11xx.o
                                                  bin/sysinit_11xx.o
                                                  bin/adc_11xx.o
Chip_SYSCTL_SetDeepSleepPD                        bin/sysctl_11xx.o
Chip_SYSCTL_SetWakeup                             bin/sysctl_11xx.o
Chip_SystemInit                                   bin/sysinit_11xx.o
Chip_TIMER_DeInit                                 bin/timer_11xx.o
Chip_TIMER_ExtMatchControlSet                     bin/timer_11xx.o
Chip_TIMER_Init                                   bin/timer_11xx.o
Chip_TIMER_Reset                                  bin/timer_11xx.o
Chip_UART_DeInit                                  bin/uart_11xx.o
Chip_UART_IRQRBHandler                            bin/uart_11xx.o
Chip_UART_Init                                    bin/uart_11xx.o
                                                  bin/main.o
Chip_UART_RXIntHandlerRB                          bin/uart_11xx.o
Chip_UART_Read                                    bin/uart_11xx.o
Chip_UART_ReadBlocking                            bin/uart_11xx.o
Chip_UART_ReadRB                                  bin/uart_11xx.o
Chip_UART_Send                                    bin/uart_11xx.o
Chip_UART_SendBlocking                            bin/uart_11xx.o
Chip_UART_SendRB                                  bin/uart_11xx.o
Chip_UART_SetBaud                                 bin/uart_11xx.o
                                                  bin/main.o
Chip_UART_SetBaudFDR                              bin/uart_11xx.o
Chip_UART_TXIntHandlerRB                          bin/uart_11xx.o
Chip_WWDT_ClearStatusFlag                         bin/wwdt_11xx.o
Chip_WWDT_DeInit                                  bin/wwdt_11xx.o
Chip_WWDT_Init                                    bin/wwdt_11xx.o
Clean_Data                                        bin/main.o
Default_Handler                                   bin/startup_LPC11xx.o
Enable                                            bin/main.o
GPIO_Setup                                        bin/main.o
HardFault_Handler                                 bin/startup_LPC11xx.o
I2C_IRQHandler                                    bin/startup_LPC11xx.o
Init_LCD                                          bin/main.o
LCD_Cmd                                           bin/main.o
LCD_Cnvrt                                         bin/main.o
LCD_Special_Cmd                                   bin/main.o
LCD_WriteChar                                     bin/main.o
NMI_Handler                                       bin/startup_LPC11xx.o
OscRateIn                                         bin/main.o
                                                  bin/clock_11xx.o
PIOINT0_IRQHandler                                bin/startup_LPC11xx.o
PIOINT1_IRQHandler                                bin/startup_LPC11xx.o
PIOINT2_IRQHandler                                bin/startup_LPC11xx.o
PIOINT3_IRQHandler                                bin/startup_LPC11xx.o
PendSV_Handler                                    bin/startup_LPC11xx.o
Reset_Handler                                     bin/startup_LPC11xx.o
RingBuffer_Init                                   bin/ring_buffer.o
RingBuffer_Insert                                 bin/ring_buffer.o
                                                  bin/uart_11xx.o
RingBuffer_InsertMult                             bin/ring_buffer.o
                                                  bin/uart_11xx.o
RingBuffer_Pop                                    bin/ring_buffer.o
                                                  bin/uart_11xx.o
RingBuffer_PopMult                                bin/ring_buffer.o
                                                  bin/uart_11xx.o
Rx_Buf                                            bin/main.o
SSP0_IRQHandler                                   bin/startup_LPC11xx.o
SSP1_IRQHandler                                   bin/startup_LPC11xx.o
SVC_Handler                                       bin/startup_LPC11xx.o
SysTick_Handler                                   bin/main.o
                                                  bin/startup_LPC11xx.o
SystemCoreClock                                   bin/sysinit.o
                                                  bin/chip_11xx.o
                                                  bin/main.o
                                                  bin/i2c_11xx.o
SystemCoreClockUpdate                             bin/chip_11xx.o
                                                  bin/main.o
SystemInit                                        bin/sysinit.o
                                                  bin/startup_LPC11xx.o
TIMER16_0_IRQHandler                              bin/startup_LPC11xx.o
TIMER16_1_IRQHandler                              bin/startup_LPC11xx.o
TIMER32_0_IRQHandler                              bin/startup_LPC11xx.o
TIMER32_1_IRQHandler                              bin/startup_LPC11xx.o
UART_IRQHandler                                   bin/startup_LPC11xx.o
Uart_Setup                                        bin/main.o
WAKEUP_IRQHandler                                 bin/startup_LPC11xx.o
WDT_IRQHandler                                    bin/startup_LPC11xx.o
__StackLimit                                      bin/startup_LPC11xx.o
__StackTop                                        bin/startup_LPC11xx.o
__aeabi_idiv0                                     /usr/bin/../lib/gcc/arm-none-eabi/6.2.1/thumb/v6-m/libgcc.a(_dvmd_tls.o)
                                                  /usr/bin/../lib/gcc/arm-none-eabi/6.2.1/thumb/v6-m/libgcc.a(_udivsi3.o)
__aeabi_ldiv0                                     /usr/bin/../lib/gcc/arm-none-eabi/6.2.1/thumb/v6-m/libgcc.a(_dvmd_tls.o)
__aeabi_uidiv                                     /usr/bin/../lib/gcc/arm-none-eabi/6.2.1/thumb/v6-m/libgcc.a(_udivsi3.o)
                                                  bin/main.o
                                                  bin/uart_11xx.o
                                                  bin/i2c_11xx.o
                                                  bin/clock_11xx.o
                                                  bin/adc_11xx.o
                                                  bin/ssp_11xx.o
__aeabi_uidivmod                                  /usr/bin/../lib/gcc/arm-none-eabi/6.2.1/thumb/v6-m/libgcc.a(_udivsi3.o)
                                                  bin/uart_11xx.o
                                                  bin/ring_buffer.o
__bss_end__                                       bin/startup_LPC11xx.o
__bss_start__                                     bin/startup_LPC11xx.o
__isr_vector                                      bin/startup_LPC11xx.o
__udivsi3                                         /usr/bin/../lib/gcc/arm-none-eabi/6.2.1/thumb/v6-m/libgcc.a(_udivsi3.o)
getSlaveIndex                                     bin/i2c_11xx.o
handleMasterXferState                             bin/i2c_11xx.o
handleSlaveXferState                              bin/i2c_11xx.o
main                                              bin/main.o
                                                  bin/startup_LPC11xx.o
memcpy                                            /usr/bin/../lib/gcc/arm-none-eabi/6.2.1/../../../../arm-none-eabi/lib/thumb/v6-m/libg.a(lib_a-memcpy-stub.o)
                                                  bin/ring_buffer.o
msTicks                                           bin/main.o
readAdcVal                                        bin/adc_11xx.o
setStartMode                                      bin/adc_11xx.o
